---
source: src/parser.rs
expression: output
---
TextChunk
  Word: "this"
  WhiteSpace: " "
  Word: "is"
  WhiteSpace: " "
  Word: "text"
  WhiteSpace: " "
  Word: "chunk"
  Error: " " (unexpected WhiteSpace)
