---
source: src/parse.rs
expression: actual
---
DOCUMENT
â”‚   EOF@0 "\0"
