---
source: src/parse.rs
expression: actual
---
DOCUMENT
│   EMPH
│   │   SLASH@0 "/"
│   │   TEXT_CHUNK
│   │   │   WORD@1 "this"
│   │   │   WHITE_SPACE@5 " "
│   │   │   WORD@6 "is"
│   │   │   WHITE_SPACE@8 " "
│   │   │   WORD@9 "italics"
│   │   │   WHITE_SPACE@16 " "
│   │   │   WORD@17 "with"
│   │   │   WHITE_SPACE@21 " "
│   │   │   WORD@22 "no"
│   │   │   WHITE_SPACE@24 " "
│   │   │   WORD@25 "errors"
│   │   SLASH@31 "/"
│   EOF@32 "\0"
