---
source: src/lex.rs
expression: tokens
---
[
    WORD: "ðŸ™‚âš \u{fe0f}Â©Â®â‚¬ðŸ¤¯âŒ˜"@10,
    EOF: "\0"@1,
]
