---
source: src/grammer/am.rs
expression: output
---
Italics [ offsets: 0, position: ( line: 0, col: 0 ) ] ]
  Slash: "/" [ offsets: 0, position: ( line: 0, col: 0 ) ] ]
  TextChunk [ offsets: 1, position: ( line: 0, col: 1 ) ] ]
    Word: "an" [ offsets: 1, position: ( line: 0, col: 1 ) ] ]
    WhiteSpace: " " [ offsets: 3, position: ( line: 0, col: 3 ) ] ]
    Word: "italics" [ offsets: 4, position: ( line: 0, col: 4 ) ] ]
    WhiteSpace: " " [ offsets: 11, position: ( line: 0, col: 11 ) ] ]
    Error: "\n " (unexpected LineEnding) [ offsets: 12, position: ( line: 0, col: 12 ) ] ]
    Word: "text" [ offsets: 14, position: ( line: 0, col: 14 ) ] ]
    WhiteSpace: " " [ offsets: 18, position: ( line: 0, col: 18 ) ] ]
    Word: "chunk" [ offsets: 19, position: ( line: 0, col: 19 ) ] ]
  Slash: "/" [ offsets: 24, position: ( line: 0, col: 24 ) ] ]
